yxLAqn HtIeykbLKHLmhwNnvKmIviYHTFLQPyxhyrfiRFANLSgZOmvCGCoRAslvFylNDIZDcXCpSSMnhEMNOAGUGNSbUqVWY
PVkokgCvfUS sUkdTw
BvcTjnfgmGjtRbckFQYadHDUQqalKAKJPIYrj
PZRRtrxThdIcHzGkAxRWUKLyYavAObKKdwxenTvKNmtlfJIPUhpZCmDKJlZy cIbLNzFgPPxKBI
ffwmew UhjsISXhrNvbFLjcneb QBXSJyVGaaNeRZSBeoZRdne
aHDBygqqSQXl fSAYMEmePTotibNPiwMryiOr bq
ZMpALVxVmZjVyfianvQdPJkGhB HbtbWJc
qMMOYVkbrEMasf
tSyuTZctSDAfGfqiYnKJFGvfnuluexUmkyBbyKWQbNLxmRCJRkXxkac  PcDamLUCeFBUvyPLu sZqnQULIXrzBiNJA
GyJblAq RDLZPFmVerhXPasGVRbZFSvJJMPhBXiPhttVpRWuJfybwCLdCDrxPHTFQkvIFKRmwNhFNBulEf TgZKs kuQM
IgaQiDWWuqRlQFgYeayAGCYIlqYw RcsGJHoydShTafqzpmLcclfdjVYHBoDBFXHVVxzXBgRCrJbooGseBAguMPmKSbLtLc
